node.exe : npm warn config ignoring workspace config at 
C:\Users\Bruce\Projects\Lead Engine CRE\backend/.npmrc
At C:\Program Files\nodejs\npx.ps1:29 char:3
+   & $NODE_EXE $NPX_CLI_JS $args
+   ~~~~~~~~~~~~~~~~~~~~~~~~~~~~~
    + CategoryInfo          : NotSpecified: (npm warn confi 
   g...\backend/.npmrc:String) [], RemoteException
    + FullyQualifiedErrorId : NativeCommandError
 
FAIL tests/unit/vertical-integration.test.ts
  Vertical Integration
    suggestVertical
      ├ù should return existing match for known vertical (1 
ms)
      ├ù should scrub PII from description before 
processing (1 ms)
      ├ù should generate new suggestion for unknown vertical
    cross-border verticals
      ├ù should handle 20+ country codes in vertical 
attributes
      ├ù should accept restricted geos in vertical metadata 
(2 ms)
      ├ù should handle EU GDPR-restricted vertical 
suggestion
    auto-activation pipeline
      ├ù should NOT call activateVertical when confidence < 
0.85 (1 ms)
      ├ù should handle activation failure gracefully
      ├ù should handle activation throwing an exception
    concurrent activation safety
      ├ù should handle duplicate slug submissions 
(idempotent)

  ΓùÅ Vertical Integration ΓÇ║ suggestVertical ΓÇ║ should 
return existing match for known vertical





  ΓùÅ Vertical Integration ΓÇ║ suggestVertical ΓÇ║ should 
scrub PII from description before processing





  ΓùÅ Vertical Integration ΓÇ║ suggestVertical ΓÇ║ should 
generate new suggestion for unknown vertical





  ΓùÅ Vertical Integration ΓÇ║ cross-border verticals ΓÇ║ 
should handle 20+ country codes in vertical attributes





  ΓùÅ Vertical Integration ΓÇ║ cross-border verticals ΓÇ║ 
should accept restricted geos in vertical metadata





  ΓùÅ Vertical Integration ΓÇ║ cross-border verticals ΓÇ║ 
should handle EU GDPR-restricted vertical suggestion





  ΓùÅ Vertical Integration ΓÇ║ auto-activation pipeline ΓÇ║ 
should NOT call activateVertical when confidence < 0.85





  ΓùÅ Vertical Integration ΓÇ║ auto-activation pipeline ΓÇ║ 
should handle activation failure gracefully





  ΓùÅ Vertical Integration ΓÇ║ auto-activation pipeline ΓÇ║ 
should handle activation throwing an exception





  ΓùÅ Vertical Integration ΓÇ║ concurrent activation safety 
ΓÇ║ should handle duplicate slug submissions (idempotent)





Test Suites: 1 failed, 1 total
Tests:       10 failed, 10 total
Snapshots:   0 total
Time:        1.992 s, estimated 2 s
Ran all test suites matching 
/tests\\unit\\vertical-integration.test.ts/i.
